../Core/Src/main.c:141:5:__io_putchar	16	static
../Core/Src/main.c:205:6:Analog_FE_Update	8	static
../Core/Src/main.c:226:6:DDS_Onboard_Update	4	static
../Core/Src/main.c:237:6:KEY_PROCESS	4	static
../Core/Src/main.c:243:6:ENC_PROCESS	16	static
../Core/Src/main.c:276:5:main	16	static
../Core/Src/main.c:438:6:SystemClock_Config	88	static
../Core/Src/main.c:489:13:MX_ADC2_Init	40	static
../Core/Src/main.c:548:13:MX_ADC3_Init	56	static
../Core/Src/main.c:616:13:MX_ADC5_Init	72	static
../Core/Src/main.c:726:13:MX_COMP2_Init	8	static
../Core/Src/main.c:758:13:MX_COMP5_Init	8	static
../Core/Src/main.c:790:13:MX_DAC1_Init	56	static
../Core/Src/main.c:847:13:MX_DAC2_Init	56	static
../Core/Src/main.c:894:13:MX_DAC4_Init	56	static
../Core/Src/main.c:941:13:MX_HRTIM1_Init	192	static
../Core/Src/main.c:1043:13:MX_I2C3_Init	8	static
../Core/Src/main.c:1091:13:MX_LPUART1_UART_Init	8	static
../Core/Src/main.c:1138:13:MX_OPAMP1_Init	8	static
../Core/Src/main.c:1172:13:MX_OPAMP2_Init	8	static
../Core/Src/main.c:1204:13:MX_OPAMP3_Init	8	static
../Core/Src/main.c:1236:13:MX_OPAMP5_Init	8	static
../Core/Src/main.c:1268:13:MX_OPAMP6_Init	8	static
../Core/Src/main.c:1302:13:MX_SPI3_Init	8	static
../Core/Src/main.c:1342:13:MX_TIM1_Init	56	static
../Core/Src/main.c:1393:13:MX_TIM3_Init	56	static
../Core/Src/main.c:1442:13:MX_TIM4_Init	56	static
../Core/Src/main.c:1491:13:MX_TIM6_Init	24	static
../Core/Src/main.c:1529:13:MX_TIM7_Init	24	static
../Core/Src/main.c:1567:13:MX_TIM8_Init	120	static
../Core/Src/main.c:1656:13:MX_TIM15_Init	120	static
../Core/Src/main.c:1732:13:MX_TIM20_Init	56	static
../Core/Src/main.c:1781:13:MX_DMA_Init	16	static
../Core/Src/main.c:1815:13:MX_GPIO_Init	48	static
../Core/Src/main.c:1960:6:Error_Handler	4	static,ignoring_inline_asm
