../Core/Src/main.c:139:5:main	8	static
../Core/Src/main.c:236:6:SystemClock_Config	88	static
../Core/Src/main.c:287:13:MX_ADC5_Init	40	static
../Core/Src/main.c:346:13:MX_COMP2_Init	8	static
../Core/Src/main.c:378:13:MX_COMP5_Init	8	static
../Core/Src/main.c:410:13:MX_DAC1_Init	56	static
../Core/Src/main.c:466:13:MX_DAC2_Init	56	static
../Core/Src/main.c:513:13:MX_DAC4_Init	56	static
../Core/Src/main.c:560:13:MX_I2C3_Init	8	static
../Core/Src/main.c:608:13:MX_LPUART1_UART_Init	8	static
../Core/Src/main.c:655:13:MX_OPAMP1_Init	8	static
../Core/Src/main.c:689:13:MX_OPAMP2_Init	8	static
../Core/Src/main.c:721:13:MX_OPAMP3_Init	8	static
../Core/Src/main.c:753:13:MX_OPAMP4_Init	8	static
../Core/Src/main.c:785:13:MX_OPAMP5_Init	8	static
../Core/Src/main.c:817:13:MX_OPAMP6_Init	8	static
../Core/Src/main.c:849:13:MX_SPI3_Init	8	static
../Core/Src/main.c:889:13:MX_TIM1_Init	56	static
../Core/Src/main.c:940:13:MX_TIM3_Init	56	static
../Core/Src/main.c:989:13:MX_TIM4_Init	56	static
../Core/Src/main.c:1038:13:MX_TIM8_Init	120	static
../Core/Src/main.c:1127:13:MX_TIM15_Init	120	static
../Core/Src/main.c:1203:13:MX_TIM20_Init	56	static
../Core/Src/main.c:1252:13:MX_DMA_Init	16	static
../Core/Src/main.c:1277:13:MX_GPIO_Init	48	static
../Core/Src/main.c:1393:6:Error_Handler	4	static,ignoring_inline_asm
