../Core/Src/main.c:140:5:__io_putchar	16	static
../Core/Src/main.c:186:6:Analog_FE_Update	8	static
../Core/Src/main.c:227:5:main	16	static
../Core/Src/main.c:377:6:SystemClock_Config	88	static
../Core/Src/main.c:428:13:MX_ADC2_Init	40	static
../Core/Src/main.c:487:13:MX_ADC3_Init	56	static
../Core/Src/main.c:555:13:MX_ADC5_Init	40	static
../Core/Src/main.c:650:13:MX_COMP2_Init	8	static
../Core/Src/main.c:682:13:MX_COMP5_Init	8	static
../Core/Src/main.c:714:13:MX_DAC1_Init	56	static
../Core/Src/main.c:771:13:MX_DAC2_Init	56	static
../Core/Src/main.c:818:13:MX_DAC4_Init	56	static
../Core/Src/main.c:865:13:MX_I2C3_Init	8	static
../Core/Src/main.c:913:13:MX_LPUART1_UART_Init	8	static
../Core/Src/main.c:960:13:MX_OPAMP1_Init	8	static
../Core/Src/main.c:994:13:MX_OPAMP2_Init	8	static
../Core/Src/main.c:1026:13:MX_OPAMP3_Init	8	static
../Core/Src/main.c:1058:13:MX_OPAMP4_Init	8	static
../Core/Src/main.c:1090:13:MX_OPAMP5_Init	8	static
../Core/Src/main.c:1122:13:MX_OPAMP6_Init	8	static
../Core/Src/main.c:1156:13:MX_SPI3_Init	8	static
../Core/Src/main.c:1196:13:MX_TIM1_Init	56	static
../Core/Src/main.c:1247:13:MX_TIM3_Init	56	static
../Core/Src/main.c:1296:13:MX_TIM4_Init	56	static
../Core/Src/main.c:1345:13:MX_TIM6_Init	24	static
../Core/Src/main.c:1383:13:MX_TIM7_Init	24	static
../Core/Src/main.c:1421:13:MX_TIM8_Init	120	static
../Core/Src/main.c:1510:13:MX_TIM15_Init	120	static
../Core/Src/main.c:1586:13:MX_TIM20_Init	56	static
../Core/Src/main.c:1635:13:MX_DMA_Init	16	static
../Core/Src/main.c:1666:13:MX_GPIO_Init	48	static
../Core/Src/main.c:1782:6:Error_Handler	4	static,ignoring_inline_asm
