../Core/Src/main.c:147:6:Analog_FE_Update	8	static
../Core/Src/main.c:172:5:main	8	static
../Core/Src/main.c:299:6:SystemClock_Config	88	static
../Core/Src/main.c:350:13:MX_ADC5_Init	40	static
../Core/Src/main.c:409:13:MX_COMP2_Init	8	static
../Core/Src/main.c:441:13:MX_COMP5_Init	8	static
../Core/Src/main.c:473:13:MX_DAC1_Init	56	static
../Core/Src/main.c:530:13:MX_DAC2_Init	56	static
../Core/Src/main.c:577:13:MX_DAC4_Init	56	static
../Core/Src/main.c:624:13:MX_I2C3_Init	8	static
../Core/Src/main.c:672:13:MX_LPUART1_UART_Init	8	static
../Core/Src/main.c:719:13:MX_OPAMP1_Init	8	static
../Core/Src/main.c:753:13:MX_OPAMP2_Init	8	static
../Core/Src/main.c:785:13:MX_OPAMP3_Init	8	static
../Core/Src/main.c:817:13:MX_OPAMP4_Init	8	static
../Core/Src/main.c:849:13:MX_OPAMP5_Init	8	static
../Core/Src/main.c:881:13:MX_OPAMP6_Init	8	static
../Core/Src/main.c:915:13:MX_SPI3_Init	8	static
../Core/Src/main.c:955:13:MX_TIM1_Init	56	static
../Core/Src/main.c:1006:13:MX_TIM3_Init	56	static
../Core/Src/main.c:1055:13:MX_TIM4_Init	56	static
../Core/Src/main.c:1104:13:MX_TIM8_Init	120	static
../Core/Src/main.c:1193:13:MX_TIM15_Init	120	static
../Core/Src/main.c:1269:13:MX_TIM20_Init	56	static
../Core/Src/main.c:1318:13:MX_DMA_Init	16	static
../Core/Src/main.c:1343:13:MX_GPIO_Init	48	static
../Core/Src/main.c:1459:6:Error_Handler	4	static,ignoring_inline_asm
