../Core/Src/main.c:131:5:__io_putchar	16	static
C:\ST\STM32CubeIDE_1.17.0\STM32CubeIDE\plugins\com.st.stm32cube.ide.mcu.externaltools.gnu-tools-for-stm32.12.3.rel1.win32_1.1.0.202410251130\tools\bin/../lib/gcc/arm-none-eabi/12.3.1/../../../../arm-none-eabi/include/stdio.h:220:5:fputc	16	static
../Core/Src/main.c:171:6:Analog_FE_Update	8	static
../Core/Src/main.c:196:5:main	24	static
../Core/Src/main.c:339:6:SystemClock_Config	88	static
../Core/Src/main.c:390:13:MX_ADC5_Init	40	static
../Core/Src/main.c:449:13:MX_COMP2_Init	8	static
../Core/Src/main.c:481:13:MX_COMP5_Init	8	static
../Core/Src/main.c:513:13:MX_DAC1_Init	56	static
../Core/Src/main.c:570:13:MX_DAC2_Init	56	static
../Core/Src/main.c:617:13:MX_DAC4_Init	56	static
../Core/Src/main.c:664:13:MX_I2C3_Init	8	static
../Core/Src/main.c:712:13:MX_LPUART1_UART_Init	8	static
../Core/Src/main.c:759:13:MX_OPAMP1_Init	8	static
../Core/Src/main.c:793:13:MX_OPAMP2_Init	8	static
../Core/Src/main.c:825:13:MX_OPAMP3_Init	8	static
../Core/Src/main.c:857:13:MX_OPAMP4_Init	8	static
../Core/Src/main.c:889:13:MX_OPAMP5_Init	8	static
../Core/Src/main.c:921:13:MX_OPAMP6_Init	8	static
../Core/Src/main.c:955:13:MX_SPI3_Init	8	static
../Core/Src/main.c:995:13:MX_TIM1_Init	56	static
../Core/Src/main.c:1046:13:MX_TIM3_Init	56	static
../Core/Src/main.c:1095:13:MX_TIM4_Init	56	static
../Core/Src/main.c:1144:13:MX_TIM8_Init	120	static
../Core/Src/main.c:1233:13:MX_TIM15_Init	120	static
../Core/Src/main.c:1309:13:MX_TIM20_Init	56	static
../Core/Src/main.c:1358:13:MX_DMA_Init	16	static
../Core/Src/main.c:1383:13:MX_GPIO_Init	48	static
../Core/Src/main.c:1499:6:Error_Handler	4	static,ignoring_inline_asm
