../Core/Src/main.c:99:5:main	8	static
../Core/Src/main.c:166:6:SystemClock_Config	88	static
../Core/Src/main.c:213:13:MX_COMP2_Init	8	static
../Core/Src/main.c:245:13:MX_COMP5_Init	8	static
../Core/Src/main.c:277:13:MX_DAC1_Init	56	static
../Core/Src/main.c:333:13:MX_DAC2_Init	56	static
../Core/Src/main.c:380:13:MX_OPAMP1_Init	8	static
../Core/Src/main.c:414:13:MX_OPAMP2_Init	8	static
../Core/Src/main.c:446:13:MX_OPAMP3_Init	8	static
../Core/Src/main.c:478:13:MX_OPAMP6_Init	8	static
../Core/Src/main.c:510:13:MX_TIM1_Init	56	static
../Core/Src/main.c:561:13:MX_TIM3_Init	56	static
../Core/Src/main.c:610:13:MX_TIM4_Init	56	static
../Core/Src/main.c:659:13:MX_TIM20_Init	56	static
../Core/Src/main.c:710:13:MX_GPIO_Init	48	static
../Core/Src/main.c:740:6:Error_Handler	4	static,ignoring_inline_asm
