../Core/Src/main.c:199:6:Analog_FE_Update	8	static
../Core/Src/main.c:220:6:DDS_Onboard_Update	4	static
../Core/Src/main.c:231:6:KEY_PROCESS	4	static
../Core/Src/main.c:237:6:ENC_PROCESS	16	static
../Core/Src/main.c:270:5:main	16	static
../Core/Src/main.c:429:6:SystemClock_Config	88	static
../Core/Src/main.c:480:13:MX_ADC2_Init	40	static
../Core/Src/main.c:539:13:MX_ADC3_Init	56	static
../Core/Src/main.c:607:13:MX_ADC5_Init	72	static
../Core/Src/main.c:717:13:MX_COMP2_Init	8	static
../Core/Src/main.c:749:13:MX_COMP5_Init	8	static
../Core/Src/main.c:781:13:MX_DAC1_Init	56	static
../Core/Src/main.c:838:13:MX_DAC2_Init	56	static
../Core/Src/main.c:885:13:MX_DAC4_Init	56	static
../Core/Src/main.c:932:13:MX_HRTIM1_Init	192	static
../Core/Src/main.c:1034:13:MX_I2C3_Init	8	static
../Core/Src/main.c:1082:13:MX_LPUART1_UART_Init	8	static
../Core/Src/main.c:1129:13:MX_OPAMP1_Init	8	static
../Core/Src/main.c:1163:13:MX_OPAMP2_Init	8	static
../Core/Src/main.c:1195:13:MX_OPAMP3_Init	8	static
../Core/Src/main.c:1227:13:MX_OPAMP5_Init	8	static
../Core/Src/main.c:1259:13:MX_OPAMP6_Init	8	static
../Core/Src/main.c:1293:13:MX_SPI3_Init	8	static
../Core/Src/main.c:1333:13:MX_TIM1_Init	56	static
../Core/Src/main.c:1384:13:MX_TIM3_Init	56	static
../Core/Src/main.c:1433:13:MX_TIM4_Init	56	static
../Core/Src/main.c:1482:13:MX_TIM6_Init	24	static
../Core/Src/main.c:1520:13:MX_TIM7_Init	24	static
../Core/Src/main.c:1558:13:MX_TIM8_Init	120	static
../Core/Src/main.c:1647:13:MX_TIM15_Init	120	static
../Core/Src/main.c:1723:13:MX_TIM20_Init	56	static
../Core/Src/main.c:1772:13:MX_DMA_Init	16	static
../Core/Src/main.c:1806:13:MX_GPIO_Init	48	static
../Core/Src/main.c:1951:6:Error_Handler	4	static,ignoring_inline_asm
