../Core/Src/main.c:115:5:main	8	static
../Core/Src/main.c:198:6:SystemClock_Config	88	static
../Core/Src/main.c:245:13:MX_ADC5_Init	40	static
../Core/Src/main.c:304:13:MX_COMP2_Init	8	static
../Core/Src/main.c:336:13:MX_COMP5_Init	8	static
../Core/Src/main.c:368:13:MX_DAC1_Init	56	static
../Core/Src/main.c:424:13:MX_DAC2_Init	56	static
../Core/Src/main.c:471:13:MX_OPAMP1_Init	8	static
../Core/Src/main.c:505:13:MX_OPAMP2_Init	8	static
../Core/Src/main.c:537:13:MX_OPAMP3_Init	8	static
../Core/Src/main.c:569:13:MX_OPAMP6_Init	8	static
../Core/Src/main.c:601:13:MX_TIM1_Init	56	static
../Core/Src/main.c:652:13:MX_TIM3_Init	56	static
../Core/Src/main.c:701:13:MX_TIM4_Init	56	static
../Core/Src/main.c:750:13:MX_TIM8_Init	120	static
../Core/Src/main.c:833:13:MX_TIM15_Init	120	static
../Core/Src/main.c:909:13:MX_TIM20_Init	56	static
../Core/Src/main.c:958:13:MX_DMA_Init	16	static
../Core/Src/main.c:977:13:MX_GPIO_Init	48	static
../Core/Src/main.c:1007:6:Error_Handler	4	static,ignoring_inline_asm
