../Core/Src/main.c:219:6:Analog_FE_Update	8	static
../Core/Src/main.c:240:6:DDS_Onboard_Update	4	static
../Core/Src/main.c:251:6:KEY_PROCESS	8	static
../Core/Src/main.c:304:6:ENC_PROCESS	16	static
../Core/Src/main.c:363:5:main	16	static
../Core/Src/main.c:525:6:SystemClock_Config	88	static
../Core/Src/main.c:576:13:MX_ADC2_Init	40	static
../Core/Src/main.c:635:13:MX_ADC3_Init	56	static
../Core/Src/main.c:703:13:MX_ADC5_Init	72	static
../Core/Src/main.c:813:13:MX_COMP2_Init	8	static
../Core/Src/main.c:845:13:MX_COMP5_Init	8	static
../Core/Src/main.c:877:13:MX_CRC_Init	8	static
../Core/Src/main.c:908:13:MX_DAC1_Init	56	static
../Core/Src/main.c:965:13:MX_DAC2_Init	56	static
../Core/Src/main.c:1012:13:MX_DAC4_Init	56	static
../Core/Src/main.c:1059:13:MX_HRTIM1_Init	192	static
../Core/Src/main.c:1161:13:MX_I2C3_Init	8	static
../Core/Src/main.c:1209:13:MX_LPUART1_UART_Init	8	static
../Core/Src/main.c:1256:13:MX_OPAMP1_Init	8	static
../Core/Src/main.c:1290:13:MX_OPAMP2_Init	8	static
../Core/Src/main.c:1322:13:MX_OPAMP3_Init	8	static
../Core/Src/main.c:1354:13:MX_OPAMP5_Init	8	static
../Core/Src/main.c:1386:13:MX_OPAMP6_Init	8	static
../Core/Src/main.c:1420:13:MX_SPI3_Init	8	static
../Core/Src/main.c:1460:13:MX_TIM1_Init	56	static
../Core/Src/main.c:1511:13:MX_TIM3_Init	56	static
../Core/Src/main.c:1560:13:MX_TIM4_Init	56	static
../Core/Src/main.c:1609:13:MX_TIM6_Init	24	static
../Core/Src/main.c:1647:13:MX_TIM7_Init	24	static
../Core/Src/main.c:1685:13:MX_TIM8_Init	120	static
../Core/Src/main.c:1774:13:MX_TIM15_Init	120	static
../Core/Src/main.c:1850:13:MX_TIM20_Init	56	static
../Core/Src/main.c:1899:13:MX_DMA_Init	16	static
../Core/Src/main.c:1933:13:MX_GPIO_Init	48	static
../Core/Src/main.c:2045:6:HAL_ADC_ConvHalfCpltCallback	24	static
../Core/Src/main.c:2064:6:Error_Handler	4	static,ignoring_inline_asm
