../Core/Src/stm32g4xx_it.c:87:6:NMI_Handler	8	static
../Core/Src/stm32g4xx_it.c:103:6:HardFault_Handler	4	static
../Core/Src/stm32g4xx_it.c:118:6:MemManage_Handler	4	static
../Core/Src/stm32g4xx_it.c:133:6:BusFault_Handler	4	static
../Core/Src/stm32g4xx_it.c:148:6:UsageFault_Handler	4	static
../Core/Src/stm32g4xx_it.c:163:6:SVC_Handler	4	static
../Core/Src/stm32g4xx_it.c:176:6:DebugMon_Handler	4	static
../Core/Src/stm32g4xx_it.c:189:6:PendSV_Handler	4	static
../Core/Src/stm32g4xx_it.c:202:6:SysTick_Handler	8	static
../Core/Src/stm32g4xx_it.c:223:6:EXTI0_IRQHandler	8	static
../Core/Src/stm32g4xx_it.c:237:6:EXTI1_IRQHandler	8	static
../Core/Src/stm32g4xx_it.c:251:6:EXTI2_IRQHandler	8	static
../Core/Src/stm32g4xx_it.c:265:6:EXTI3_IRQHandler	8	static
../Core/Src/stm32g4xx_it.c:279:6:EXTI4_IRQHandler	8	static
../Core/Src/stm32g4xx_it.c:293:6:DMA1_Channel1_IRQHandler	8	static
../Core/Src/stm32g4xx_it.c:307:6:DMA1_Channel2_IRQHandler	8	static
../Core/Src/stm32g4xx_it.c:321:6:DMA1_Channel3_IRQHandler	8	static
../Core/Src/stm32g4xx_it.c:335:6:USB_LP_IRQHandler	8	static
../Core/Src/stm32g4xx_it.c:349:6:EXTI9_5_IRQHandler	8	static
../Core/Src/stm32g4xx_it.c:363:6:EXTI15_10_IRQHandler	8	static
