../Core/Src/stm32g4xx_it.c:101:6:NMI_Handler	8	static
../Core/Src/stm32g4xx_it.c:117:6:HardFault_Handler	4	static
../Core/Src/stm32g4xx_it.c:132:6:MemManage_Handler	4	static
../Core/Src/stm32g4xx_it.c:147:6:BusFault_Handler	4	static
../Core/Src/stm32g4xx_it.c:162:6:UsageFault_Handler	4	static
../Core/Src/stm32g4xx_it.c:177:6:SVC_Handler	4	static
../Core/Src/stm32g4xx_it.c:190:6:DebugMon_Handler	4	static
../Core/Src/stm32g4xx_it.c:203:6:PendSV_Handler	4	static
../Core/Src/stm32g4xx_it.c:216:6:SysTick_Handler	8	static
../Core/Src/stm32g4xx_it.c:237:6:EXTI0_IRQHandler	8	static
../Core/Src/stm32g4xx_it.c:251:6:EXTI1_IRQHandler	8	static
../Core/Src/stm32g4xx_it.c:266:6:EXTI2_IRQHandler	8	static
../Core/Src/stm32g4xx_it.c:280:6:EXTI3_IRQHandler	8	static
../Core/Src/stm32g4xx_it.c:294:6:EXTI4_IRQHandler	8	static
../Core/Src/stm32g4xx_it.c:308:6:DMA1_Channel1_IRQHandler	8	static
../Core/Src/stm32g4xx_it.c:322:6:DMA1_Channel2_IRQHandler	8	static
../Core/Src/stm32g4xx_it.c:336:6:DMA1_Channel3_IRQHandler	8	static
../Core/Src/stm32g4xx_it.c:350:6:DMA1_Channel4_IRQHandler	8	static
../Core/Src/stm32g4xx_it.c:364:6:DMA1_Channel5_IRQHandler	8	static
../Core/Src/stm32g4xx_it.c:378:6:DMA1_Channel6_IRQHandler	8	static
../Core/Src/stm32g4xx_it.c:392:6:USB_LP_IRQHandler	8	static
../Core/Src/stm32g4xx_it.c:406:6:EXTI9_5_IRQHandler	8	static
../Core/Src/stm32g4xx_it.c:421:6:EXTI15_10_IRQHandler	8	static
../Core/Src/stm32g4xx_it.c:442:6:ADC5_IRQHandler	16	static
